[INFO] [launch]: All log files can be found below /root/.ros/log/2026-02-28-02-57-52-774162-gz-ins-776946647854405-531440
[INFO] [launch]: Default logging verbosity is set to INFO
[INFO] [ik_window-1]: process started with pid [531443]
[ik_window-1] [INFO] [1772218673.316122912] [moveit_3198146528.moveit.py.cpp_initializer]: Initialize rclcpp
[ik_window-1] [INFO] [1772218673.316174232] [moveit_3198146528.moveit.py.cpp_initializer]: Initialize node parameters
[ik_window-1] [INFO] [1772218673.316184612] [moveit_3198146528.moveit.py.cpp_initializer]: Initialize node and executor
[ik_window-1] [INFO] [1772218673.322346767] [moveit_3198146528.moveit.py.cpp_initializer]: Spin separate thread
[ik_window-1] [INFO] [1772218673.323770687] [moveit_3198146528.moveit.ros.rdf_loader]: Loaded robot model in 0.00122674 seconds
[ik_window-1] [INFO] [1772218673.323799087] [moveit_3198146528.moveit.core.robot_model]: Loading robot model 'panda'...
[ik_window-1] [INFO] [1772218673.330919192] [moveit_3198146528.moveit.kinematics.kdl_kinematics_plugin]: Joint weights for group 'panda_arm': 1 1 1 1 1 1 1
[ik_window-1] [INFO] [1772218673.353819807] [moveit_3198146528.moveit.ros.planning_scene_monitor]: Publishing maintained planning scene on 'monitored_planning_scene'
[ik_window-1] [INFO] [1772218673.353952227] [moveit_3198146528.moveit.ros.moveit_cpp]: Listening to 'joint_states' for joint states
[ik_window-1] [INFO] [1772218673.354924376] [moveit_3198146528.moveit.ros.current_state_monitor]: Listening to joint states on topic 'joint_states'
[ik_window-1] [INFO] [1772218673.355197796] [moveit_3198146528.moveit.ros.planning_scene_monitor]: Listening to '/attached_collision_object' for attached collision objects
[ik_window-1] [INFO] [1772218673.355210846] [moveit_3198146528.moveit.ros.planning_scene_monitor]: Stopping existing planning scene publisher.
[ik_window-1] [INFO] [1772218673.355330356] [moveit_3198146528.moveit.ros.planning_scene_monitor]: Stopped publishing maintained planning scene.
[ik_window-1] [INFO] [1772218673.355537596] [moveit_3198146528.moveit.ros.planning_scene_monitor]: Publishing maintained planning scene on 'monitored_planning_scene'
[ik_window-1] [INFO] [1772218673.355630536] [moveit_3198146528.moveit.ros.planning_scene_monitor]: Starting planning scene monitor
[ik_window-1] [INFO] [1772218673.356264785] [moveit_3198146528.moveit.ros.planning_scene_monitor]: Listening to '/planning_scene'
[ik_window-1] [INFO] [1772218673.356276435] [moveit_3198146528.moveit.ros.planning_scene_monitor]: Starting world geometry update monitor for collision objects, attached objects, octomap updates.
[ik_window-1] [INFO] [1772218673.356527535] [moveit_3198146528.moveit.ros.planning_scene_monitor]: Listening to 'collision_object'
[ik_window-1] [INFO] [1772218673.356766485] [moveit_3198146528.moveit.ros.planning_scene_monitor]: Listening to 'planning_scene_world' for planning scene world geometry
[ik_window-1] [WARN] [1772218673.356898435] [moveit_3198146528.moveit.ros.occupancy_map_monitor]: Resolution not specified for Octomap. Assuming resolution = 0.1 instead
[ik_window-1] [ERROR] [1772218673.356912225] [moveit_3198146528.moveit.ros.occupancy_map_monitor]: No 3D sensor plugin(s) defined for octomap updates
[ik_window-1] [INFO] [1772218673.368843618] [moveit_3198146528.moveit.ros.planning_pipeline]: Successfully loaded planner 'OMPL'
[ik_window-1] [INFO] [1772218673.369738787] [panda_ik_window]: Try loading adapter 'default_planning_request_adapters/ResolveConstraintFrames'
[ik_window-1] [INFO] [1772218673.370480616] [panda_ik_window]: Loaded adapter 'default_planning_request_adapters/ResolveConstraintFrames'
[ik_window-1] [INFO] [1772218673.370491776] [panda_ik_window]: Try loading adapter 'default_planning_request_adapters/ValidateWorkspaceBounds'
[ik_window-1] [INFO] [1772218673.370598046] [panda_ik_window]: Loaded adapter 'default_planning_request_adapters/ValidateWorkspaceBounds'
[ik_window-1] [INFO] [1772218673.370605146] [panda_ik_window]: Try loading adapter 'default_planning_request_adapters/CheckStartStateBounds'
[ik_window-1] [INFO] [1772218673.370627206] [panda_ik_window]: Loaded adapter 'default_planning_request_adapters/CheckStartStateBounds'
[ik_window-1] [INFO] [1772218673.370631516] [panda_ik_window]: Try loading adapter 'default_planning_request_adapters/CheckStartStateCollision'
[ik_window-1] [INFO] [1772218673.370642596] [panda_ik_window]: Loaded adapter 'default_planning_request_adapters/CheckStartStateCollision'
[ik_window-1] [INFO] [1772218673.371487736] [panda_ik_window]: Try loading adapter 'default_planning_response_adapters/AddTimeOptimalParameterization'
[ik_window-1] [INFO] [1772218673.373120865] [panda_ik_window]: Loaded adapter 'default_planning_response_adapters/AddTimeOptimalParameterization'
[ik_window-1] [INFO] [1772218673.373132095] [panda_ik_window]: Try loading adapter 'default_planning_response_adapters/ValidateSolution'
[ik_window-1] [INFO] [1772218673.374550234] [panda_ik_window]: Loaded adapter 'default_planning_response_adapters/ValidateSolution'
[ik_window-1] [INFO] [1772218673.374562724] [panda_ik_window]: Try loading adapter 'default_planning_response_adapters/DisplayMotionPath'
[ik_window-1] [INFO] [1772218673.374904923] [panda_ik_window]: Loaded adapter 'default_planning_response_adapters/DisplayMotionPath'
[ik_window-1] [FATAL] [1772218673.391498282] [moveit_3198146528.moveit.ros.trajectory_execution_manager]: Exception while loading controller manager 'moveit_simple_controller_manager/MoveItSimpleControllerManager': According to the loaded plugin descriptions the class moveit_simple_controller_manager/MoveItSimpleControllerManager with base class type moveit_controller_manager::MoveItControllerManager does not exist. Declared types are 
[ik_window-1] [ERROR] [1772218673.391629152] [moveit_3198146528.moveit.ros.trajectory_execution_manager]: Failed to reload controllers: `controller_manager_` does not exist.
[ik_window-1] [INFO] [1772218673.392048472] [moveit_3198146528.moveit.ros.trajectory_execution_manager]: Trajectory execution is managing controllers
[ik_window-1] [INFO] [1772218841.747163281] [moveit_3198146528.moveit.ros.moveit_cpp]: Deleting MoveItCpp
[ik_window-1] [INFO] [1772218841.755068519] [moveit_3198146528.moveit.ros.planning_scene_monitor]: Stopped publishing maintained planning scene.
[ik_window-1] [INFO] [1772218841.756442587] [moveit_3198146528.moveit.ros.planning_scene_monitor]: Stopping world geometry monitor
[ik_window-1] [INFO] [1772218841.757107056] [moveit_3198146528.moveit.ros.planning_scene_monitor]: Stopping planning scene monitor
[ik_window-1] Warning: class_loader.ClassLoader: SEVERE WARNING!!! Attempting to unload library while objects created by this loader exist in the heap! You should delete your objects before attempting to unload the library or destroying the ClassLoader. The library will NOT be unloaded.
[ik_window-1]          at line 127 in /home/runner/conda-bld/bld/rattler-build_ros-jazzy-class-loader_1771183342/work/ros-jazzy-class-loader/src/work/src/class_loader.cpp
[ik_window-1] [run] timestamp = 20260228_025753
[ik_window-1] [run] data dir   = data_window/np18/ws3/seed2305/20260228_025753
[ik_window-1] [run] GPU 是否被使用 = 是 (cuda, NVIDIA GeForce RTX 4090)
[ik_window-1] [run] DP dtype        = float32
[ik_window-1] [run] eval_workers    = 1
[ik_window-1] 
[ik_window-1] [select] searching a solvable target for p1 ...
[ik_window-1] [select] p1: (0.002, -0.156, 0.424) found 200/200 (trials_used=1) -> p1.json
[ik_window-1] 
[ik_window-1] [select] searching a solvable target for p2 ...
[ik_window-1] [select] p2: (0.127, 0.004, 0.248) found 200/200 (trials_used=1) -> p2.json
[ik_window-1] 
[ik_window-1] [select] searching a solvable target for p3 ...
[ik_window-1] [select] p3: (0.064, 0.347, 0.336) found 200/200 (trials_used=1) -> p3.json
[ik_window-1] 
[ik_window-1] [select] searching a solvable target for p4 ...
[ik_window-1] [select] p4: (-0.163, 0.151, 0.582) found 200/200 (trials_used=1) -> p4.json
[ik_window-1] 
[ik_window-1] [select] searching a solvable target for p5 ...
[ik_window-1] [select] p5: (-0.207, 0.132, 0.695) found 200/200 (trials_used=1) -> p5.json
[ik_window-1] 
[ik_window-1] [select] searching a solvable target for p6 ...
[ik_window-1] [select] p6: (-0.060, -0.398, 0.104) found 200/200 (trials_used=2) -> p6.json
[ik_window-1] 
[ik_window-1] [select] searching a solvable target for p7 ...
[ik_window-1] [select] p7: (-0.126, 0.012, 0.493) found 200/200 (trials_used=1) -> p7.json
[ik_window-1] 
[ik_window-1] [select] searching a solvable target for p8 ...
[ik_window-1] [select] p8: (-0.030, -0.163, 0.145) found 200/200 (trials_used=1) -> p8.json
[ik_window-1] 
[ik_window-1] [select] searching a solvable target for p9 ...
[ik_window-1] [select] p9: (-0.079, -0.065, 0.126) found 200/200 (trials_used=1) -> p9.json
[ik_window-1] 
[ik_window-1] [select] searching a solvable target for p10 ...
[ik_window-1] [select] p10: (-0.303, 0.366, 0.696) found 200/200 (trials_used=2) -> p10.json
[ik_window-1] 
[ik_window-1] [select] searching a solvable target for p11 ...
[ik_window-1] [select] p11: (-0.082, 0.295, 0.076) found 200/200 (trials_used=1) -> p11.json
[ik_window-1] 
[ik_window-1] [select] searching a solvable target for p12 ...
[ik_window-1] [select] p12: (0.187, -0.005, 0.459) found 200/200 (trials_used=1) -> p12.json
[ik_window-1] 
[ik_window-1] [select] searching a solvable target for p13 ...
[ik_window-1] [select] p13: (-0.703, -0.367, 0.148) found 200/200 (trials_used=1) -> p13.json
[ik_window-1] 
[ik_window-1] [select] searching a solvable target for p14 ...
[ik_window-1] [select] p14: (0.078, 0.233, 0.262) found 200/200 (trials_used=1) -> p14.json
[ik_window-1] 
[ik_window-1] [select] searching a solvable target for p15 ...
[ik_window-1] [select] p15: (-0.444, 0.310, 0.363) found 200/200 (trials_used=1) -> p15.json
[ik_window-1] 
[ik_window-1] [select] searching a solvable target for p16 ...
[ik_window-1] [select] p16: (0.451, -0.043, 0.754) found 200/200 (trials_used=2) -> p16.json
[ik_window-1] 
[ik_window-1] [select] searching a solvable target for p17 ...
[ik_window-1] [select] p17: (-0.607, -0.295, 0.098) found 200/200 (trials_used=1) -> p17.json
[ik_window-1] 
[ik_window-1] [select] searching a solvable target for p18 ...
[ik_window-1] [select] p18: (0.113, 0.352, 0.163) found 200/200 (trials_used=1) -> p18.json
[ik_window-1] [eval] precomputed Q tensors on cuda (dtype=torch.float32) for 18 layer(s)
[ik_window-1] 
[ik_window-1] [eval] window policy (ws=3/18) ...
[ik_window-1] 
[ik_window-1] [eval] greedy baseline (ws=1/18) ...
[ik_window-1] [eval] summary -> summary.json
[ik_window-1] 
[ik_window-1] [done] bye.
[INFO] [ik_window-1]: process has finished cleanly [pid 531443]
